[12:12:22] [main/INFO]: Loading Minecraft 1.21.11 with Fabric Loader 0.18.4
[12:12:22] [main/WARN]: Warnings were found!
 - Mod 'Debugify' (debugify) 1.21.11+1.0 recommends any version of modmenu, which is missing!
	 - You should install any version of modmenu for the optimal experience.
[12:12:22] [main/INFO]: Loading 185 mods:
	- alternate-current 1.9.0
	- appleskin 3.0.8+mc1.21.11
	- badpackets 0.11.2
	- balm 21.11.6
	   \-- kuma_api 21.11.12
	- c2me 0.3.7+alpha.0.7+1.21.11
	   |-- c2me-base 0.3.7+alpha.0.7+1.21.11
	   |-- c2me-client-uncapvd 0.3.7+alpha.0.7+1.21.11
	   |-- c2me-fixes-chunkio-threading-issues 0.3.7+alpha.0.7+1.21.11
	   |-- c2me-fixes-general-threading-issues 0.3.7+alpha.0.7+1.21.11
	   |-- c2me-fixes-worldgen-threading-issues 0.3.7+alpha.0.7+1.21.11
	   |-- c2me-fixes-worldgen-vanilla-bugs 0.3.7+alpha.0.7+1.21.11
	   |-- c2me-notickvd 0.3.7+alpha.0.7+1.21.11
	   |-- c2me-opts-allocs 0.3.7+alpha.0.7+1.21.11
	   |-- c2me-opts-chunkio 0.3.7+alpha.0.7+1.21.11
	   |-- c2me-opts-dfc 0.3.7+alpha.0.7+1.21.11
	   |-- c2me-opts-math 0.3.7+alpha.0.7+1.21.11
	   |-- c2me-opts-natives-math 0.3.7+alpha.0.7+1.21.11
	   |-- c2me-opts-scheduling 0.3.7+alpha.0.7+1.21.11
	   |-- c2me-opts-worldgen-general 0.3.7+alpha.0.7+1.21.11
	   |-- c2me-opts-worldgen-vanilla 0.3.7+alpha.0.7+1.21.11
	   |-- c2me-rewrites-chunk-serializer 0.3.7+alpha.0.7+1.21.11
	   |-- c2me-rewrites-chunk-system 0.3.7+alpha.0.7+1.21.11
	   |-- c2me-rewrites-chunkio 0.3.7+alpha.0.7+1.21.11
	   |-- c2me-server-utils 0.3.7+alpha.0.7+1.21.11
	   |-- c2me-threading-lighting 0.3.7+alpha.0.7+1.21.11
	   |-- com_electronwill_night-config_core 3.6.5
	   |-- com_electronwill_night-config_toml 3.6.5
	   |-- com_ibm_async_asyncutil 0.1.0
	   |-- io_reactivex_rxjava3_rxjava 3.1.12
	   |-- mixinsquared 0.2.0-beta.6
	   |-- net_objecthunter_exp4j 0.4.8
	   |-- org_jctools_jctools-core 4.0.5
	   \-- org_reactivestreams_reactive-streams 1.0.4
	- cardinal-components 7.3.0
	   |-- cardinal-components-base 7.3.0
	   |-- cardinal-components-block 7.3.0
	   |-- cardinal-components-chunk 7.3.0
	   |-- cardinal-components-entity 7.3.0
	   |-- cardinal-components-item 7.3.0
	   |-- cardinal-components-level 7.3.0
	   |-- cardinal-components-scoreboard 7.3.0
	   \-- cardinal-components-world 7.3.0
	- cloth-config 21.11.153
	   \-- cloth-basic-math 0.6.1
	- clumps 29.0.0.1
	- daisy 1.0.2-test
	- debugify 1.21.11+1.0
	- disconnect-packet-fix 2.0.0
	- distanthorizons 2.4.5-b
	   |-- fabric-api-base 1.0.5+4ebb5c0853
	   |-- fabric-key-binding-api-v1 1.1.7+4fc5413f53
	   |-- fabric-lifecycle-events-v1 2.6.15+4ebb5c0853
	   |-- fabric-rendering-v1 16.2.5+1fb1cde953
	   |-- fabric-resource-loader-v0 3.3.4+4fc5413f53
	   |-- fabric-resource-loader-v1 1.0.10+78c8b46653
	   \-- fabric-screen-api-v1 3.1.7+4ebb5c0853
	- essential_commands 0.38.6-mc1.21.11
	   |-- ec-core 1.3.0-mc1.21.11
	   |-- fabric-permissions-api-v0 0.6.1
	   |-- mixinextras 0.5.0
	   |-- org_yaml_snakeyaml 2.5
	   |-- placeholder-api 2.8.1+1.21.10
	   \-- playerabilitylib 1.15.0
	- fabric-api 0.141.3+1.21.11
	   |-- fabric-api-lookup-api-v1 1.6.114+20dc27073e
	   |-- fabric-biome-api-v1 17.1.1+4fc5413f3e
	   |-- fabric-block-api-v1 1.1.10+4ebb5c083e
	   |-- fabric-block-view-api-v2 1.0.39+4ebb5c083e
	   |-- fabric-command-api-v2 2.4.7+6b42a6003e
	   |-- fabric-content-registries-v0 10.2.14+4fc5413f3e
	   |-- fabric-convention-tags-v1 2.1.55+7f945d5b3e
	   |-- fabric-convention-tags-v2 2.17.3+8ef948ba3e
	   |-- fabric-crash-report-info-v1 0.3.23+4ebb5c083e
	   |-- fabric-data-attachment-api-v1 1.8.47+eed0806f3e
	   |-- fabric-data-generation-api-v1 23.4.0+69974c4e3e
	   |-- fabric-dimensions-v1 4.0.28+4fc5413f3e
	   |-- fabric-entity-events-v1 3.1.1+1d0ab4303e
	   |-- fabric-events-interaction-v0 4.1.0+3b89ecf63e
	   |-- fabric-game-rule-api-v1 2.0.3+4fc5413f3e
	   |-- fabric-item-api-v1 11.5.20+d0c46b9e3e
	   |-- fabric-item-group-api-v1 4.2.36+4fc5413f3e
	   |-- fabric-key-binding-api-v1 1.1.7+4fc5413f3e
	   |-- fabric-loot-api-v2 3.0.73+3f89f5a53e
	   |-- fabric-loot-api-v3 2.0.20+78c8b4663e
	   |-- fabric-message-api-v1 6.1.12+4ebb5c083e
	   |-- fabric-model-loading-api-v1 6.0.15+4fc5413f3e
	   |-- fabric-networking-api-v1 5.1.5+ae1e07683e
	   |-- fabric-object-builder-api-v1 21.1.39+4fc5413f3e
	   |-- fabric-particles-v1 4.2.11+4fc5413f3e
	   |-- fabric-recipe-api-v1 8.2.3+4ebb5c083e
	   |-- fabric-registry-sync-v0 6.2.5+1718722b3e
	   |-- fabric-renderer-api-v1 8.0.3+f4ffd2e53e
	   |-- fabric-renderer-indigo 5.0.3+f4ffd2e53e
	   |-- fabric-rendering-fluids-v1 3.1.43+4ebb5c083e
	   |-- fabric-rendering-v1 16.2.10+0290ad933e
	   |-- fabric-resource-conditions-api-v1 5.0.35+4fc5413f3e
	   |-- fabric-screen-api-v1 3.1.7+4ebb5c083e
	   |-- fabric-screen-handler-api-v1 1.3.161+4fc5413f3e
	   |-- fabric-serialization-api-v1 1.0.5+4ebb5c083e
	   |-- fabric-sound-api-v1 1.0.51+4fc5413f3e
	   |-- fabric-tag-api-v1 1.2.20+4fc5413f3e
	   |-- fabric-transfer-api-v1 6.0.25+4fc5413f3e
	   \-- fabric-transitive-access-wideners-v1 7.1.0+014c8cec3e
	- fabric-language-kotlin 1.13.9+kotlin.2.3.10
	   |-- org_jetbrains_kotlin_kotlin-reflect 2.3.10
	   |-- org_jetbrains_kotlin_kotlin-stdlib 2.3.10
	   |-- org_jetbrains_kotlin_kotlin-stdlib-jdk7 2.3.10
	   |-- org_jetbrains_kotlin_kotlin-stdlib-jdk8 2.3.10
	   |-- org_jetbrains_kotlinx_atomicfu-jvm 0.31.0
	   |-- org_jetbrains_kotlinx_kotlinx-coroutines-core-jvm 1.10.2
	   |-- org_jetbrains_kotlinx_kotlinx-coroutines-jdk8 1.10.2
	   |-- org_jetbrains_kotlinx_kotlinx-datetime-jvm 0.7.1
	   |-- org_jetbrains_kotlinx_kotlinx-io-bytestring-jvm 0.8.2
	   |-- org_jetbrains_kotlinx_kotlinx-io-core-jvm 0.8.2
	   |-- org_jetbrains_kotlinx_kotlinx-serialization-cbor-jvm 1.10.0
	   |-- org_jetbrains_kotlinx_kotlinx-serialization-core-jvm 1.10.0
	   \-- org_jetbrains_kotlinx_kotlinx-serialization-json-jvm 1.10.0
	- fabricloader 0.18.4
	   \-- mixinextras 0.5.0
	- fairfight 1.0.1
	- ferritecore 8.2.0
	- fnp_patcher 26.1.2+1.21.9
	   \-- one_pkg_sewlia-config 1.0.0-SNAPSHOT
	- grimac 2.3.73-f118b5c
	   |-- ac_grim_grimac_common 2.3.73-f118b5c
	   |-- ac_grim_grimac_grim-internal 1.2.3.3
	   |-- ac_grim_grimac_grimapi 1.2.3.3
	   |-- cloud 2.0.0-beta.15
	   |    |-- io_leangen_geantyref_geantyref 1.3.15
	   |    |-- org_incendo_cloud-brigadier 2.0.0-beta.14
	   |    |-- org_incendo_cloud-core 2.0.0
	   |    |-- org_incendo_cloud-minecraft-modded-common-fabric-repack 2.0.0-beta.15
	   |    \-- org_incendo_cloud-services 2.0.0
	   |-- com_github_alexheretic_dynamics 4.0
	   |-- com_github_alexheretic_fluent 2.0
	   |-- com_googlecode_json-simple_json-simple 1.1.1
	   |-- com_zaxxer_hikaricp 7.0.2
	   |-- github_scarsz_configuralize_slim 1.4.1
	   |-- grimac-mc1161 2.3.73-f118b5c
	   |-- grimac-mc1171 2.3.73-f118b5c
	   |-- grimac-mc1194 2.3.73-f118b5c
	   |-- grimac-mc1205 2.3.73-f118b5c
	   |-- grimac-mc1215 2.3.73-f118b5c
	   |-- net_kyori_adventure-text-minimessage 4.25.0
	   |-- org_incendo_cloud-annotations 2.0.0
	   |-- org_incendo_cloud-processors-requirements 1.0.0-rc.1
	   |-- org_jetbrains_annotations 24.1.0
	   |-- org_slf4j_slf4j-api 2.0.17
	   \-- packetevents 2.11.2+675bc5c-SNAPSHOT
	        |-- com_github_retrooper_api 2.11.2+675bc5c-SNAPSHOT
	        |-- com_github_retrooper_netty-common 2.11.2+675bc5c-SNAPSHOT
	        |-- conditional-mixin 0.6.4
	        |-- net_kyori_adventure-api 4.25.0
	        |-- net_kyori_adventure-key 4.25.0
	        |-- net_kyori_adventure-nbt 4.25.0
	        |-- net_kyori_examination-api 1.3.0
	        |-- net_kyori_examination-string 1.3.0
	        |-- packetevents-mc1140 2.11.2+675bc5c-SNAPSHOT
	        |-- packetevents-mc1194 2.11.2+675bc5c-SNAPSHOT
	        |-- packetevents-mc1202 2.11.2+675bc5c-SNAPSHOT
	        |-- packetevents-mc1211 2.11.2+675bc5c-SNAPSHOT
	        \-- packetevents-mc1216 2.11.2+675bc5c-SNAPSHOT
	- jade 21.1.1+fabric
	- java 25
	- jei 27.4.0.15
	- krypton 0.2.10
	   \-- com_velocitypowered_velocity-native 3.4.0-SNAPSHOT
	- lithium 0.21.3+mc1.21.11
	- minecraft 1.21.11
	- modernfix 5.25.2-build.4
	- mr_xaeros_mapserverutils 1.1.0
	- netherportalfix 21.11.2
	- nochatreports 1.21.11-v2.18.0
	- packetfixer 3.3.4
	- quick-pack 1.2.0
	- scalablelux 0.1.6+fabric.c25518a
	- sepals 1.0.30-fix2
	- servercore 1.5.15+1.21.11
	   |-- org_yaml_snakeyaml 2.5
	   |-- placeholder-api 2.8.1+1.21.10
	   |-- space_arim_dazzleconf_dazzleconf-core 1.3.0-M2
	   \-- space_arim_dazzleconf_dazzleconf-ext-snakeyaml 1.3.0-M2
	- spark 1.10.156
	   \-- fabric-permissions-api-v0 0.6.1
	- travelersbackpack 10.11.5
	- tt20 0.7.2
	   \-- net_snackbag_shit_shit 1.2.3
	- vmp 0.2.0+beta.7.226+1.21.11
	   \-- com_ibm_async_asyncutil 0.1.0
	- voicechat 1.21.11-2.6.11
	   |-- fabric-api-base 1.0.5+4ebb5c0853
	   |-- fabric-key-binding-api-v1 1.1.7+4fc5413f53
	   |-- fabric-lifecycle-events-v1 2.6.15+4ebb5c0853
	   |-- fabric-rendering-v1 16.2.5+1fb1cde953
	   |-- fabric-resource-loader-v0 3.3.4+4fc5413f53
	   |-- fabric-resource-loader-v1 1.0.10+78c8b46653
	   \-- voicechat_api 2.6.0
	- yet_another_config_lib_v3 3.8.2+1.21.11-fabric
	   |-- com_twelvemonkeys_common_common-image 3.12.0
	   |-- com_twelvemonkeys_common_common-io 3.12.0
	   |-- com_twelvemonkeys_common_common-lang 3.12.0
	   |-- com_twelvemonkeys_imageio_imageio-core 3.12.0
	   |-- com_twelvemonkeys_imageio_imageio-metadata 3.12.0
	   |-- com_twelvemonkeys_imageio_imageio-webp 3.12.0
	   |-- org_quiltmc_parsers_gson 0.2.1
	   \-- org_quiltmc_parsers_json 0.2.1
[12:12:22] [main/INFO]: SpongePowered MIXIN Subsystem Version=0.8.7 Source=file:/Users/laoelbeqiri/Downloads/fabric%20server/libraries/net/fabricmc/sponge-mixin/0.17.0+mixin.0.8.7/sponge-mixin-0.17.0+mixin.0.8.7.jar Service=Knot/Fabric Env=SERVER
[12:12:22] [main/INFO]: Compatibility level set to JAVA_16
[12:12:22] [main/INFO]: Compatibility level set to JAVA_21
[12:12:23] [main/WARN]: Reference map 'balm.refmap.json' for balm.mixins.json could not be read. If this is a development environment you can ignore this message
[12:12:23] [main/WARN]: Reference map 'balm.refmap.json' for balm.api.mixins.json could not be read. If this is a development environment you can ignore this message
[12:12:23] [main/WARN]: Reference map 'balm.refmap.json' for balm.fabric.mixins.json could not be read. If this is a development environment you can ignore this message
[12:12:23] [main/INFO]: Initializing com.ishland.c2me.base.mixin
[12:12:23] [main/INFO]: Global Executor Parallelism: 6 configured, 6 evaluated, 6 default evaluated
[12:12:23] [main/INFO]: Initializing com.ishland.c2me.fixes.chunkio.threading_issues.mixin
[12:12:23] [main/INFO]: Initializing com.ishland.c2me.fixes.general.threading_issues.mixin
[12:12:23] [main/INFO]: Initializing com.ishland.c2me.fixes.worldgen.threading_issues.mixin
[12:12:23] [main/INFO]: Initializing com.ishland.c2me.fixes.worldgen.vanilla_bugs.mixin
[12:12:23] [main/INFO]: Initializing com.ishland.c2me.notickvd.mixin
[12:12:23] [main/INFO]: Initializing com.ishland.c2me.opts.allocs.mixin
[12:12:23] [main/INFO]: Initializing com.ishland.c2me.opts.chunkio.mixin
[12:12:23] [main/INFO]: Initializing com.ishland.c2me.opts.dfc.mixin
[12:12:23] [main/INFO]: Initializing com.ishland.c2me.opts.math.mixin
[12:12:23] [main/INFO]: Initializing com.ishland.c2me.opts.natives_math.mixin
[12:12:23] [main/WARN]: Cannot find native library osx-aarch_64-libc2me-opts-natives-math.dylib, possibly unsupported platform for native acceleration
[12:12:23] [main/INFO]: Disabling com.ishland.c2me.opts.natives_math.mixin
[12:12:23] [main/INFO]: Initializing com.ishland.c2me.opts.scheduling.mixin
[12:12:23] [main/INFO]: Initializing com.ishland.c2me.opts.worldgen.general.mixin
[12:12:23] [main/INFO]: Initializing com.ishland.c2me.opts.worldgen.vanilla.mixin
[12:12:23] [main/INFO]: Initializing com.ishland.c2me.rewrites.chunk_serializer.mixin
[12:12:23] [main/INFO]: Disabling com.ishland.c2me.rewrites.chunk_serializer.mixin
[12:12:23] [main/INFO]: Initializing com.ishland.c2me.rewrites.chunksystem.mixin
[12:12:23] [main/INFO]: Initializing com.ishland.c2me.rewrites.chunkio.mixin
[12:12:23] [main/INFO]: Initializing com.ishland.c2me.server.utils.mixin
[12:12:23] [main/INFO]: Initializing com.ishland.c2me.threading.lighting.mixin
[12:12:23] [main/WARN]: Reference map 'clumps.refmap.json' for clumps.mixins.json could not be read. If this is a development environment you can ignore this message
[12:12:23] [main/WARN]: Reference map 'fnp_patcher.refmap.json' for fnp_patcher.mixins.json could not be read. If this is a development environment you can ignore this message
[12:12:23] [main/WARN]: Reference map 'kuma_api.refmap.json' for kuma_api.mixins.json could not be read. If this is a development environment you can ignore this message
[12:12:23] [main/WARN]: Reference map 'kuma_api.refmap.json' for kuma_api.fabric.mixins.json could not be read. If this is a development environment you can ignore this message
[12:12:23] [main/INFO]: Loaded configuration file for Lithium: 168 options available, 0 override(s) found.
[12:12:23] [main/INFO]: Loaded configuration file for ModernFix 5.25.2-build.4: 60 options available, 3 override(s) found
[12:12:23] [main/WARN]: Option 'mixin.bugfix.paper_chunk_patches' overriden (by mods [c2me]) to 'false'
[12:12:23] [main/WARN]: Option 'mixin.perf.cache_strongholds' overriden (by mods [c2me]) to 'false'
[12:12:23] [main/WARN]: Option 'mixin.bugfix.chunk_deadlock' overriden (by mods [c2me]) to 'false'
[12:12:23] [main/INFO]: Applying Nashorn fix
[12:12:23] [main/WARN]: Reference map 'netherportalfix.refmap.json' for netherportalfix.mixins.json could not be read. If this is a development environment you can ignore this message
[12:12:23] [main/WARN]: Reference map 'netherportalfix.refmap.json' for netherportalfix.fabric.mixins.json could not be read. If this is a development environment you can ignore this message
[12:12:23] [main/WARN]: Reference map 'nochatreports.refmap.json' for mixins/common/nochatreports.mixins.json could not be read. If this is a development environment you can ignore this message
[12:12:23] [main/WARN]: Reference map '' for packetevents-mc1140.mixins.json could not be read. If this is a development environment you can ignore this message
[12:12:23] [main/WARN]: Reference map '' for packetevents-mc1914.mixins.json could not be read. If this is a development environment you can ignore this message
[12:12:23] [main/WARN]: Reference map '' for packetevents-mc1202.mixins.json could not be read. If this is a development environment you can ignore this message
[12:12:23] [main/WARN]: Reference map 'quick-pack.refmap.json' for quick-pack.mixins.json could not be read. If this is a development environment you can ignore this message
[12:12:23] [main/INFO]: Sepals plugin for version '1.0.30' is loading
[12:12:23] [main/INFO]: Handling mixin package com.github.cao.awa.sepals.mixin
[12:12:23] [main/INFO]: Successfully started async appender with [SysOut, ServerGuiConsole, Tracy, File]
[12:12:23] [main/WARN]: Reference map 'yet_another_config_lib_v3.refmap.json' for yacl.mixins.json could not be read. If this is a development environment you can ignore this message
[12:12:23] [main/WARN]: Reference map 'yet_another_config_lib_v3.refmap.json' for yacl-fabric.mixins.json could not be read. If this is a development environment you can ignore this message
[12:12:23] [main/INFO]: All configurations saved
[12:12:23] [main/INFO]: Reloaded configuration: ModConfig
[12:12:23] [main/INFO]: Successfully initialized configuration manager, loaded 1 configuration classes
[12:12:23] [main/INFO]: Mixin one.pkg.fnp_patcher.mixin.network.experimental.ServerLoginPacketListenerImplMixin enabled
[12:12:23] [main/INFO]: Mixin one.pkg.fnp_patcher.mixin.network.experimental.ServerTextFilterMixin enabled
[12:12:23] [main/INFO]: Mixin one.pkg.fnp_patcher.mixin.network.experimental.UtilMixin enabled
[12:12:23] [main/INFO]: Mixin one.pkg.fnp_patcher.mixin.network.experimental.VarLongMixin enabled
[12:12:23] [main/INFO]: Mixin one.pkg.fnp_patcher.mixin.network.fix.Varint21FrameDecoderMixin disabled
[12:12:23] [main/INFO]: Handling: entities in group world_entities_cache / com.github.cao.awa.sepals.mixin.world.WorldMixin
[12:12:23] [main/INFO]: Handling: poi in group region_based_storage / com.github.cao.awa.sepals.mixin.world.poi.SerializingRegionBasedStorageMixin
[12:12:24] [main/INFO]: Initializing MixinExtras via com.llamalad7.mixinextras.service.MixinExtrasServiceImpl(version=0.5.0).
[12:12:24] [main/INFO]: Sepals mixin change actions for net.minecraft.class_6880$class_6883:com.github.cao.awa.sepals.mixin.registry.entry.RegistryEntryReferenceMixin
[12:12:24] [main/INFO]: Sepals mixin change actions for net.minecraft.class_1297:com.github.cao.awa.sepals.mixin.entity.EntityMixin
[12:12:24] [main/INFO]: Sepals mixin change actions for net.minecraft.class_1309:com.github.cao.awa.sepals.mixin.entity.LivingEntityMixin
[12:12:24] [main/INFO]: Sepals mixin change actions for net.minecraft.class_1937:com.github.cao.awa.sepals.mixin.world.WorldAccessor
[12:12:24] [main/INFO]: Sepals mixin change actions for net.minecraft.class_1937:com.github.cao.awa.sepals.mixin.world.WorldMixin
[12:12:24] [main/INFO]: Sepals mixin change actions for net.minecraft.class_1924:com.github.cao.awa.sepals.mixin.entity.EntityViewMixin
[12:12:24] [main/INFO]: Sepals mixin change actions for net.minecraft.class_3218:com.github.cao.awa.sepals.mixin.world.ServerWorldMixin
[12:12:24] [main/INFO]: Sepals mixin change actions for net.minecraft.class_1542:com.github.cao.awa.sepals.mixin.entity.item.ItemEntityAccessor
[12:12:24] [main/INFO]: Sepals mixin change actions for net.minecraft.class_1542:com.github.cao.awa.sepals.mixin.entity.item.ItemEntityMixin
[12:12:25] [main/WARN]: Method overwrite conflict for method_21740 in modernfix-common.mixins.json:perf.remove_biome_temperature_cache.BiomeMixin from mod modernfix, previously written by net.caffeinemc.mods.lithium.mixin.world.temperature_cache.BiomeMixin. Skipping method.
[12:12:26] [main/INFO]: Sepals mixin change actions for net.minecraft.class_4146:com.github.cao.awa.sepals.mixin.entity.ai.brain.sensor.nearest.NearestLivingEntitiesSensorMixin
[12:12:26] [main/INFO]: Sepals mixin change actions for net.minecraft.class_4147:com.github.cao.awa.sepals.mixin.entity.ai.brain.sensor.nearest.NearestPlayersSensorMixin
[12:12:26] [main/INFO]: Sepals mixin change actions for net.minecraft.class_4257:com.github.cao.awa.sepals.mixin.entity.ai.brain.sensor.villager.VillagerBabiesSensorMixin
[12:12:26] [main/INFO]: Sepals mixin change actions for net.minecraft.class_7100:com.github.cao.awa.sepals.mixin.entity.ai.brain.sensor.frog.FrogAttackablesSensorMixin
[12:12:26] [main/INFO]: Vanilla bootstrap took 1921 milliseconds
[12:12:26] [main/INFO]: Sepals mixin change actions for net.minecraft.server.MinecraftServer:com.github.cao.awa.sepals.mixin.server.MinecraftServerAccessor
[12:12:26] [main/INFO]: Sepals mixin change actions for net.minecraft.server.MinecraftServer:com.github.cao.awa.sepals.mixin.server.MinecraftServerMixin
[12:12:26] [main/INFO]: Daisy '1.0.2' initialized on platform 'fabric'
[12:12:26] [main/INFO]: Enabled 60 bug fixes: [MC-7569, MC-8187, MC-30391, MC-44654, MC-82263, MC-84661, MC-88371, MC-89146, MC-93018, MC-94054, MC-100991, MC-119754, MC-121706, MC-121903, MC-123450, MC-123605, MC-129909, MC-131562, MC-132878, MC-133218, MC-134110, MC-136249, MC-139041, MC-147659, MC-153010, MC-155509, MC-158900, MC-159283, MC-160095, MC-168573, MC-170462, MC-176806, MC-177381, MC-179072, MC-183990, MC-187100, MC-200418, MC-201374, MC-202637, MC-206922, MC-215530, MC-219981, MC-221257, MC-223153, MC-224729, MC-226961, MC-227008, MC-227337, MC-231743, MC-232869, MC-245394, MC-263999, MC-264285, MC-264979, MC-267125, MC-268617, MC-271899, MC-272431, MC-297837, MC-298066]
[12:12:26] [main/INFO]: Successfully Debugify'd your game!
[12:12:26] [main/INFO]: Disconnect Packet Fix has started.
[12:12:26] [main/INFO]: [EssentialCommands]: Mod Load Initiated.
[12:12:26] [main/INFO]: [EssentialCommands]: Mod Load Complete.
[12:12:27] [main/INFO]: Loading PacketEvents...
[12:12:27] [main/ERROR]: IMPORTANT: Could not load SQLite driver for /grim history database.
Download the minecraft-sqlite-jdbc mod/plugin for SQLite support, or change history.database.type
Alternatively set history.enabled=false to remove this message if /grim history support is not desired
[12:12:27] [main/INFO]: Compression will use libdeflate (macOS ARM64 / Apple Silicon), encryption will use native (macOS ARM64 / Apple Silicon)
[12:12:27] [main/INFO]: Packet Fixer 3.3.4 Fabric has been initialized!
[12:12:27] [main/INFO]: Lithium is loaded, sepals won't intervention chunk loading in 'getInChunk' of POI
[12:12:27] [main/INFO]: Sepals mixin change actions for net.minecraft.class_4153:com.github.cao.awa.sepals.mixin.world.poi.PointOfInterestStorageAccessor
[12:12:27] [main/INFO]: Sepals mixin change actions for net.minecraft.class_4153:com.github.cao.awa.sepals.mixin.world.storage.PointOfInterestStorageMixin
[12:12:27] [main/INFO]: Sepals mixin change actions for net.minecraft.class_4180:com.github.cao.awa.sepals.mixin.world.poi.SerializingRegionBasedStorageMixin
[12:12:27] [main/INFO]: Sepals mixin change actions for net.minecraft.class_4180:com.github.cao.awa.sepals.mixin.world.storage.SerializingRegionBasedStorageAccessor
[12:12:27] [main/INFO]: Sepals '1.0.30' loading on platform 'fabric'
[12:12:27] [main/INFO]: Sepals 'forceEnableSepalsPoi' flag is false
[12:12:27] [main/INFO]: Sepals 'enableSepalsVillager' flag is true
[12:12:27] [main/INFO]: Sepals 'enableSepalsFrogLookAt' flag is true
[12:12:27] [main/INFO]: Sepals 'enableSepalsFrogAttackableSensor' flag is true
[12:12:27] [main/INFO]: Sepals 'enableSepalsLivingTargetCache' flag is true
[12:12:27] [main/INFO]: Sepals 'nearestLivingEntitiesSensorUseQuickSort' flag is true
[12:12:27] [main/INFO]: Sepals 'enableSepalsBiasedJumpLongTask' flag is true
[12:12:27] [main/INFO]: Sepals 'enableSepalsEntitiesCramming' flag is true
[12:12:27] [main/INFO]: Sepals 'enableSepalsItemMerge' flag is true
[12:12:27] [main/INFO]: Sepals 'enableSepalsQuickCanBePushByEntityPredicate' flag is true
[12:12:27] [main/INFO]: Sepals 'enableSepalsRegistryProbe' flag is true
[12:12:27] [main/INFO]: [ServerCore] Loaded V1.5.15+1.21.11!
[12:12:27] [main/INFO]: Registered the FluidEffect with Unique ID of minecraft:water for Water (Fluid Amount Required: 81000) with the ID 0
[12:12:27] [main/INFO]: Registered the FluidEffect with Unique ID of minecraft:lava for Lava (Fluid Amount Required: 81000) with the ID 1
[12:12:27] [main/INFO]: Registered the FluidEffect with Unique ID of travelersbackpack:potion for block.travelersbackpack.potion_still (Fluid Amount Required: 27000) with the ID 2
[12:12:27] [main/INFO]: Registered the FluidEffect with Unique ID of minecraft:milk for Air (Fluid Amount Required: 81000) with the ID 3
[12:12:27] [main/INFO]: Starting TT20...
[12:12:27] [ForkJoinPool.commonPool-worker-2/INFO]: (TT20) Checking for updates...
[12:12:27] [main/INFO]: [voicechat] Compatibility version 20
[12:12:27] [main/INFO]: [voicechat] Loading plugins
[12:12:27] [main/INFO]: [voicechat] Loaded 0 plugin(s)
[12:12:27] [main/INFO]: [voicechat] Initializing plugins
[12:12:27] [main/INFO]: [voicechat] Initialized 0 plugin(s)
[12:12:27] [main/INFO]: Initializing Distant Horizons server, firing DhApiBeforeDhInitEvent event...
[12:12:27] [main/INFO]: Running library validation...
[12:12:27] [main/INFO]: Garbage collectors: [G1 Young Generation, G1 Concurrent GC, G1 Old Generation]
[12:12:27] [main/WARN]: Distant Horizons: G1 Garbage collector detected. 
This garbage collector can cause FPS stuttering. 
It's recommended to use a concurrent garbage collector 
like ZGC (Java 21+) or Shenandoah (Java 8 through 17) for a smoother experience. 

[12:12:27] [main/INFO]: Distant Horizons, Version: 2.4.5-b
[12:12:27] [main/INFO]: Registering Fabric Server Events
[12:12:27] [main/INFO]: Registered mod compatibility accessor for: [Starlight-Fabric-1.18.X].
[12:12:27] [main/INFO]: Skipping mod compatibility accessor for: [optifine]
[12:12:27] [main/INFO]: Skipping mod compatibility accessor for: [bclib]
[12:12:27] [main/INFO]: Registered mod compatibility accessor for: [c2me].
[12:12:27] [main/INFO]: Skipping mod compatibility accessor for: [iris]
[12:12:27] [main/INFO]: Distant Horizons server Initialized, adding event subscribers...
[12:12:27] [main/INFO]: Krypton is now accelerating your Minecraft server's networking stack 🚀
[12:12:27] [main/INFO]: Environment: Environment[sessionHost=https://sessionserver.mojang.com, servicesHost=https://api.minecraftservices.com, profilesHost=https://api.mojang.com, name=PROD]
[12:12:27] [main/INFO]: Found new data pack travelersbackpack, loading it automatically
[12:12:27] [ForkJoinPool.commonPool-worker-2/INFO]: (TT20) Running the latest version
[12:12:28] [main/INFO]: Loaded 1607 recipes
[12:12:28] [main/INFO]: Loaded 1744 advancements
[12:12:28] [main/WARN]: Initial datapack load took 634.5 ms
[12:12:28] [main/INFO]: Applied 0 biome modifications to 0 of 65 new biomes in 557.6 μs
[12:12:29] [Server thread/INFO]: Initialising config for [DistantHorizons]
[12:12:29] [Server thread/INFO]: [DistantHorizons] Config initialised
[12:12:29] [Server thread/INFO]: Dimension ignoring disabled, DH will render all dimensions.
[12:12:29] [Server thread/INFO]: Applying config to loggers
[12:12:29] [Server thread/INFO]: Running Delayed setup...
[12:12:29] [Server thread/INFO]: Delayed setup complete, firing DhApiAfterDhInitEvent event...
[12:12:29] [Server thread/INFO]: Checking for Distant Horizons update
[12:12:29] [Server thread/INFO]: Distant Horizons already up to date.
[12:12:29] [Server thread/INFO]: Distant Horizons server Initialized at 
[12:12:29] [Server thread/INFO]: [EssentialCommands]: Saving world_data.dat (Spawn/Warps)...
[12:12:29] [Server thread/INFO]: [EssentialCommands]: world_data.dat saved.
[12:12:29] [Server thread/INFO]: Created rules file at path: config/essentialcommands/rules.txt
[12:12:29] [Server thread/INFO]: Registering packets...
[12:12:29] [Server thread/INFO]: Registering tick schedulers...
[12:12:29] [Server thread/INFO]: Grim Version: 2.3.73-f118b5c
[12:12:29] [Server thread/ERROR]: IMPORTANT: Could not load SQLite driver for /grim history database.
Download the minecraft-sqlite-jdbc mod/plugin for SQLite support, or change history.database.type
Alternatively set history.enabled=false to remove this message if /grim history support is not desired
[12:12:29] [Server thread/INFO]: Starting background profiler...
[12:12:29] [Thread-16/INFO]: You are using the latest version of GrimAC
[12:12:32] [Server thread/INFO]: Started [DhServerWorld] of type [SERVER_ONLY].
[12:12:32] [Server thread/INFO]: Starting minecraft server version 1.21.11
[12:12:32] [Server thread/INFO]: Loading properties
[12:12:32] [Server thread/INFO]: Default game type: SURVIVAL
[12:12:32] [Server thread/INFO]: Generating keypair
[12:12:32] [Server thread/INFO]: Starting Minecraft server on *:25565
[12:12:32] [Server thread/INFO]: Preparing level "world"
[12:12:32] [Server thread/INFO]: Sepals mixin change actions for net.minecraft.class_3215:com.github.cao.awa.sepals.mixin.server.chunk.ServerChunkManagerMixin
[12:12:32] [Server thread/INFO]: Enforcing safe world random access
[12:12:32] [Server thread/INFO]: Sepals mixin change actions for net.minecraft.class_5574:com.github.cao.awa.sepals.mixin.entity.EntityListAccessor
[12:12:33] [Server thread/INFO]: [STDOUT]: Density function compilation finished in 163.0 ms
[12:12:33] [Server thread/INFO]: Sepals mixin change actions for net.minecraft.class_4157:com.github.cao.awa.sepals.mixin.world.poi.PointOfInterestSetAccessor
[12:12:33] [Server thread/INFO]: Sepals mixin change actions for net.minecraft.class_4157:com.github.cao.awa.sepals.mixin.world.storage.PointOfInterestSetMixin
[12:12:33] [Server thread/INFO]: Sepals mixin change actions for net.minecraft.class_4156:com.github.cao.awa.sepals.mixin.world.poi.PointOfInterestAccessor
[12:12:33] [Server thread/INFO]: Changing watch distance to 10
[12:12:33] [Server thread/INFO]: Using TheSpeedyObjectFactory without Unsafe
[12:12:33] [DH-Full Data Migration Thread[0]/INFO]: No migration necessary.
[12:12:33] [Server thread/INFO]: Started DhServerLevel for [Wrapped{ServerLevel[world]@minecraft:overworld}] at [[LocalSaveStructure@(./world/data)]].
[12:12:33] [DH-Request Module Ticker [minecraft:overworld] Thread[0]/INFO]: C2ME detected: DH's pre-existing chunk accessing will use methods handled by C2ME.
[12:12:33] [DH-Request Module Ticker [minecraft:overworld] Thread[0]/INFO]: Batch Chunk Generator initialized
[12:12:33] [DH-Request Module Ticker [minecraft:overworld] Thread[0]/INFO]: Creating world gen queue
[12:12:33] [DH-Request Module Ticker [minecraft:overworld] Thread[0]/INFO]: Created world gen queue
[12:12:33] [DH-Request Module Ticker [minecraft:overworld] Thread[0]/INFO]: Set world gen queue for level [minecraft:overworld].
[12:12:33] [Server thread/INFO]: [STDOUT]: Density function compilation finished in 16.02 ms
[12:12:33] [Server thread/INFO]: Changing watch distance to 10
[12:12:33] [DH-Full Data Migration Thread[0]/INFO]: No migration necessary.
[12:12:33] [Server thread/INFO]: Started DhServerLevel for [Wrapped{ServerLevel[world]@minecraft:the_end}] at [[LocalSaveStructure@(./world/data;./world/DIM1/data)]].
[12:12:33] [Server thread/INFO]: [STDOUT]: Density function compilation finished in 5.764 ms
[12:12:33] [Server thread/INFO]: Changing watch distance to 10
[12:12:33] [DH-Request Module Ticker [minecraft:the_end] Thread[0]/INFO]: C2ME detected: DH's pre-existing chunk accessing will use methods handled by C2ME.
[12:12:33] [DH-Request Module Ticker [minecraft:the_end] Thread[0]/INFO]: Batch Chunk Generator initialized
[12:12:33] [DH-Request Module Ticker [minecraft:the_end] Thread[0]/INFO]: Creating world gen queue
[12:12:33] [DH-Request Module Ticker [minecraft:the_end] Thread[0]/INFO]: Created world gen queue
[12:12:33] [DH-Request Module Ticker [minecraft:the_end] Thread[0]/INFO]: Set world gen queue for level [minecraft:the_end].
[12:12:33] [DH-Full Data Migration Thread[0]/INFO]: No migration necessary.
[12:12:33] [Server thread/INFO]: Started DhServerLevel for [Wrapped{ServerLevel[world]@minecraft:the_nether}] at [[LocalSaveStructure@(./world/data;./world/DIM1/data;./world/DIM-1/data)]].
[12:12:33] [DH-Request Module Ticker [minecraft:the_nether] Thread[0]/INFO]: C2ME detected: DH's pre-existing chunk accessing will use methods handled by C2ME.
[12:12:33] [DH-Request Module Ticker [minecraft:the_nether] Thread[0]/INFO]: Batch Chunk Generator initialized
[12:12:33] [DH-Request Module Ticker [minecraft:the_nether] Thread[0]/INFO]: Creating world gen queue
[12:12:33] [DH-Request Module Ticker [minecraft:the_nether] Thread[0]/INFO]: Created world gen queue
[12:12:33] [DH-Request Module Ticker [minecraft:the_nether] Thread[0]/INFO]: Set world gen queue for level [minecraft:the_nether].
[12:12:33] [Server thread/INFO]: Loading 0 persistent chunks...
[12:12:33] [Server thread/INFO]: Preparing spawn area: 100%
[12:12:33] [Server thread/INFO]: [STDOUT]: [ScalableLux] Lighting scaling is enabled in externally managed mode
[12:12:33] [Server thread/INFO]: Time elapsed: 12 ms
[12:12:33] [Server thread/INFO]: Done (0.630s)! For help, type "help"
[12:12:33] [Server thread/INFO]: Registering commands
[12:12:33] [Server thread/WARN]: Dedicated server took 12.22 seconds to load
[12:12:33] [Server thread/INFO]: Start loading plugin from Balm: net.blay09.mods.balm.fabric.platform.compatibility.hudinfo.internal.FabricJadeModCompat
[12:12:33] [Server thread/INFO]: Start loading plugin from Jade: snownee.jade.addon.core.CorePlugin
[12:12:33] [Server thread/INFO]: Start loading plugin from Jade: snownee.jade.addon.vanilla.VanillaPlugin
[12:12:33] [Server thread/INFO]: Start loading plugin from Jade: snownee.jade.addon.universal.UniversalPlugin
[12:12:33] [Server thread/INFO]: Start loading plugin from Jade: snownee.jade.addon.access.AccessibilityPlugin
[12:12:33] [Server thread/INFO]: Start loading plugin from Jade: snownee.jade.addon.debug.DebugPlugin
[12:12:33] [Server thread/INFO]: Possible world ids: minecraft:overworld,minecraft:the_end,minecraft:the_nether
[12:12:33] [Server thread/INFO]: Configured `rtp_enabled_worlds` world ids: minecraft:overworld
[12:12:33] [Server thread/INFO]: All configured `rtp_enabled_worlds` world ids are valid.
[12:12:33] [VoiceChatServerThread/INFO]: [voicechat] Voice chat server started at port 24454
[12:12:59] [Server thread/INFO]: Stopping the server
[12:12:59] [Server thread/INFO]: Terminating PacketEvents...
[12:12:59] [Server thread/INFO]: Stopping server
[12:12:59] [Server thread/INFO]: Saving players
[12:12:59] [Server thread/INFO]: Saving worlds
[12:12:59] [Server thread/INFO]: Saving chunks for level 'ServerLevel[world]'/minecraft:overworld
[12:12:59] [Server thread/INFO]: Saving chunks for level 'ServerLevel[world]'/minecraft:the_end
[12:12:59] [Server thread/INFO]: Saving chunks for level 'ServerLevel[world]'/minecraft:the_nether
[12:12:59] [Server thread/INFO]: ThreadedAnvilChunkStorage (world): All chunks are saved
[12:12:59] [Server thread/INFO]: ThreadedAnvilChunkStorage (DIM1): All chunks are saved
[12:12:59] [Server thread/INFO]: ThreadedAnvilChunkStorage (DIM-1): All chunks are saved
[12:12:59] [Server thread/INFO]: ThreadedAnvilChunkStorage: All dimensions are saved
[12:12:59] [Server thread/INFO]: Closing world gen queue
[12:12:59] [Server thread/INFO]: Closing WorldGenerationQueue...
[12:12:59] [Server thread/INFO]: Shutting down world generator thread pool...
[12:12:59] [Server thread/INFO]: World generator thread pool shutdown with [0] incomplete tasks.
[12:12:59] [Server thread/INFO]: [BatchGenerator] shutting down...
[12:12:59] [Server thread/INFO]: Closing [BatchGenerationEnvironment]
[12:12:59] [Server thread/INFO]: Finished closing WorldGenerationQueue
[12:12:59] [Server thread/INFO]: Closed DHLevel for [Wrapped{ServerLevel[world]@minecraft:overworld}].
[12:12:59] [C2ME Storage #2/INFO]: Storage thread Thread[#123,C2ME Storage #2,8,main] stopped
[12:12:59] [C2ME Storage #3/INFO]: Storage thread Thread[#124,C2ME Storage #3,8,main] stopped
[12:12:59] [C2ME Storage #1/INFO]: Storage thread Thread[#122,C2ME Storage #1,8,main] stopped
[12:12:59] [Server thread/INFO]: Closing world gen queue
[12:12:59] [Server thread/INFO]: Closing WorldGenerationQueue...
[12:12:59] [Server thread/INFO]: Shutting down world generator thread pool...
[12:12:59] [Server thread/INFO]: World generator thread pool shutdown with [0] incomplete tasks.
[12:12:59] [Server thread/INFO]: [BatchGenerator] shutting down...
[12:12:59] [Server thread/INFO]: Closing [BatchGenerationEnvironment]
[12:12:59] [Server thread/INFO]: Finished closing WorldGenerationQueue
[12:12:59] [Server thread/INFO]: Closed DHLevel for [Wrapped{ServerLevel[world]@minecraft:the_end}].
[12:12:59] [C2ME Storage #6/INFO]: Storage thread Thread[#137,C2ME Storage #6,8,main] stopped
[12:12:59] [C2ME Storage #5/INFO]: Storage thread Thread[#132,C2ME Storage #5,8,main] stopped
[12:12:59] [C2ME Storage #4/INFO]: Storage thread Thread[#131,C2ME Storage #4,8,main] stopped
[12:12:59] [Server thread/INFO]: Closing world gen queue
[12:12:59] [Server thread/INFO]: Closing WorldGenerationQueue...
[12:12:59] [Server thread/INFO]: Shutting down world generator thread pool...
[12:12:59] [Server thread/INFO]: World generator thread pool shutdown with [0] incomplete tasks.
[12:12:59] [Server thread/INFO]: [BatchGenerator] shutting down...
[12:12:59] [Server thread/INFO]: Closing [BatchGenerationEnvironment]
[12:12:59] [Server thread/INFO]: Finished closing WorldGenerationQueue
[12:12:59] [Server thread/INFO]: Closed DHLevel for [Wrapped{ServerLevel[world]@minecraft:the_nether}].
[12:12:59] [C2ME Storage #9/INFO]: Storage thread Thread[#143,C2ME Storage #9,8,main] stopped
[12:12:59] [C2ME Storage #8/INFO]: Storage thread Thread[#142,C2ME Storage #8,8,main] stopped
[12:12:59] [C2ME Storage #7/INFO]: Storage thread Thread[#141,C2ME Storage #7,8,main] stopped
[12:12:59] [Server thread/INFO]: Closed DhWorld of type [SERVER_ONLY].
[12:12:59] [Server thread/INFO]: Closed DhWorld of type [SERVER_ONLY].
[12:12:59] [Server thread/INFO]: Shutting down PriorityTaskPicker thread pool...
[12:12:59] [Server thread/INFO]: Closing all [3] database connections...
[12:12:59] [Server thread/INFO]: Closing database connection: [jdbc:dh_sqlite:./world/data/DistantHorizons.sqlite]
[12:12:59] [Server thread/INFO]: Closing database connection: [jdbc:dh_sqlite:./world/DIM-1/data/DistantHorizons.sqlite]
[12:12:59] [Server thread/INFO]: Closing database connection: [jdbc:dh_sqlite:./world/DIM1/data/DistantHorizons.sqlite]
